// Jest Snapshot v1, https://goo.gl/fbAQLP

exports[`<WatchingProgress/> Renders correctly 1`] = `
<div
  className="makeStyles-watchingProgress-6"
  data-testid="WatchingProgress"
>
  <span
    className="MuiTypography-root MuiTypography-caption"
  >
    10/15
  </span>
  <div
    className="makeStyles-progressBarContainer-1"
  >
    <div
      aria-describedby={null}
      className="makeStyles-progress-2 makeStyles-progress--watched-4"
      data-testid="ProgressBar"
      onBlur={[Function]}
      onFocus={[Function]}
      onMouseLeave={[Function]}
      onMouseOver={[Function]}
      onTouchEnd={[Function]}
      onTouchStart={[Function]}
      title="Number of episodes you watched"
    />
    <div
      aria-describedby={null}
      className="makeStyles-progress-2 makeStyles-progress--aired-5"
      data-testid="ProgressBar"
      onBlur={[Function]}
      onFocus={[Function]}
      onMouseLeave={[Function]}
      onMouseOver={[Function]}
      onTouchEnd={[Function]}
      onTouchStart={[Function]}
      title="Number of episodes aired"
    />
    <div
      aria-describedby={null}
      className="makeStyles-progress-2 makeStyles-progress--total-3"
      data-testid="ProgressBar"
      onBlur={[Function]}
      onFocus={[Function]}
      onMouseLeave={[Function]}
      onMouseOver={[Function]}
      onTouchEnd={[Function]}
      onTouchStart={[Function]}
      title="Total number of episodes"
    />
  </div>
</div>
`;
