// Jest Snapshot v1, https://goo.gl/fbAQLP

exports[`<DialogContent/> Renders correctly 1`] = `<div />`;
